2022-09-15 00:28:45,656 - __main__ - INFO - test the custom logger
